// Jest Snapshot v1, https://goo.gl/fbAQLP

exports[`Testing <AddCategory /> it should render correctly 1`] = `
<form
  onSubmit={[Function]}
>
  <input
    id="value"
    name="value"
    onChange={[Function]}
    type="text"
    value=""
  />
</form>
`;
