// Jest Snapshot v1, https://goo.gl/fbAQLP

exports[`testing <GifGridItem /> it should render correctly 1`] = `
<div
  className="grid-item"
>
  <img
    alt="Hola"
    src="https://algo.com"
  />
  <p>
    Hola
  </p>
</div>
`;
